[backfill] reytingtv.com arþivi taranýyor...
[reytingtv] 0/864 iþlendi, 0 eþleþme bulundu
[reytingtv] 50/864 iþlendi, 0 eþleþme bulundu
[reytingtv] 100/864 iþlendi, 0 eþleþme bulundu
[reytingtv] 150/864 iþlendi, 196 eþleþme bulundu
[reytingtv] 200/864 iþlendi, 657 eþleþme bulundu
[reytingtv] 250/864 iþlendi, 838 eþleþme bulundu
[reytingtv] 300/864 iþlendi, 1101 eþleþme bulundu
[reytingtv] 350/864 iþlendi, 1490 eþleþme bulundu
[reytingtv] 400/864 iþlendi, 1686 eþleþme bulundu
[reytingtv] 450/864 iþlendi, 1958 eþleþme bulundu
[reytingtv] 500/864 iþlendi, 2300 eþleþme bulundu
[reytingtv] 550/864 iþlendi, 2401 eþleþme bulundu
[reytingtv] 600/864 iþlendi, 2463 eþleþme bulundu
[reytingtv] 650/864 iþlendi, 2538 eþleþme bulundu
[reytingtv] 700/864 iþlendi, 2562 eþleþme bulundu
[reytingtv] 750/864 iþlendi, 2577 eþleþme bulundu
[reytingtv] 800/864 iþlendi, 2597 eþleþme bulundu
[reytingtv] 850/864 iþlendi, 2597 eþleþme bulundu
[backfill] 2606 eþleþen satýr bulundu, pipeline.db'ye yazýlýyor...
[backfill] 305 (dizi, ay) satýrý hesaplandý, Node app.db'ye yazýlýyor...
[backfill] tamamlandý — C:\Users\sahip\Desktop\case\gorunurluk-platformu\server\data\app.db güncellendi (source='reytingtv_rank').
[backfill] özet: 49 farklý dizi, 44 farklý (yýl,ay) kombinasyonu.
